// Jest Snapshot v1, https://goo.gl/fbAQLP

exports[`should render ExpenseList with empty message 1`] = `
<div>
  <h2>
    Expense List
  </h2>
  <p>
    No Expenses
  </p>
</div>
`;

exports[`should render ExpenseList with expenses 1`] = `
<div>
  <h2>
    Expense List
  </h2>
  <ExpenseListItem
    amount={3050}
    createdAt={"1970-01-01T00:00:00.000Z"}
    description="Pet Rock"
    id="1"
    key="1"
    note=""
  />
  <ExpenseListItem
    amount={90099}
    createdAt={-345600000}
    description="Guitar"
    id="2"
    key="2"
    note=""
  />
  <ExpenseListItem
    amount={77500}
    createdAt={345600000}
    description="Cocaine"
    id="3"
    key="3"
    note=""
  />
</div>
`;
