// Jest Snapshot v1, https://goo.gl/fbAQLP

exports[`should test NotFoundPage 1`] = `
<div>
  404! - Got to 
  <Link
    replace={false}
    to="/"
  >
    Home
  </Link>
</div>
`;
